#"Step","Potential Energy (kJ/mole)","Temperature (K)"
1000,-22781.335936497027,260.83507434402287
2000,-21392.442932491635,298.139529188008
3000,-21564.32026014461,297.9988709635383
4000,-21868.228988498682,298.08602970245425
5000,-22332.585925003143,295.4824994164672
6000,-22111.23148442928,293.5806585047247
7000,-21997.73827689473,291.95128027941865
8000,-22028.321523553743,299.8360283294889
9000,-22087.95941520806,312.9911669284822
10000,-22238.248906801724,300.32576278354446
